-- TEST -- in function min (success)
SELECT '0'::uint256;
 uint256 
---------
 0
(1 row)

-- TEST -- in function min (success)
SELECT '-0'::uint256;
 uint256 
---------
 0
(1 row)

-- TEST -- in function max (success)
SELECT '115792089237316195423570985008687907853269984665640564039457584007913129639935'::uint256;
                                    uint256                                     
--------------------------------------------------------------------------------
 115792089237316195423570985008687907853269984665640564039457584007913129639935
(1 row)

-- TEST -- in function min - 1 (failure)
SELECT '-1'::uint256;
ERROR:  value "-1" is out of range for type uint256
LINE 1: SELECT '-1'::uint256;
               ^
-- TEST -- in function max + 1 (failure)
SELECT '115792089237316195423570985008687907853269984665640564039457584007913129639936'::uint256;
ERROR:  value "115792089237316195423570985008687907853269984665640564039457584007913129639936" is out of range for type uint256
LINE 1: SELECT '1157920892373161954235709850086879078532699846656405...
               ^
-- min variable
\set uint256_min '\'0\'::uint256'
-- max variable
\set uint256_max '\'115792089237316195423570985008687907853269984665640564039457584007913129639935\'::uint256'
-- TEST -- operator add (success)
SELECT '5'::uint256 + '2'::uint256;
 ?column? 
----------
 7
(1 row)

-- TEST -- operator add (failure)
SELECT :uint256_max + '1'::uint256;
ERROR:  uint256 out of range
-- TEST -- operator sub (success)
SELECT '5'::uint256 - '2'::uint256;
 ?column? 
----------
 3
(1 row)

-- TEST -- operator sub (failure)
SELECT :uint256_min - '1'::uint256;
ERROR:  uint256 out of range
-- TEST -- operator mul (success)
SELECT '5'::uint256 * '2'::uint256;
 ?column? 
----------
 10
(1 row)

-- TEST -- operator mul (failure)
SELECT :uint256_max * '2'::uint256;
ERROR:  uint256 out of range
-- TEST -- operator div (success)
SELECT '5'::uint256 / '2'::uint256;
 ?column? 
----------
 2
(1 row)

-- TEST -- operator div (failure)
SELECT '5'::uint256 / '0'::uint256;
ERROR:  division by zero
-- TEST -- operator mod (success)
SELECT '5'::uint256 % '2'::uint256;
 ?column? 
----------
 1
(1 row)

-- TEST -- operator mod (failure)
SELECT '5'::uint256 % '0'::uint256;
ERROR:  division by zero
-- TEST -- operator lt (success)
SELECT '5'::uint256 < '2'::uint256;
 ?column? 
----------
 f
(1 row)

-- TEST -- operator lt (success)
SELECT '5'::uint256 < '5'::uint256;
 ?column? 
----------
 f
(1 row)

-- TEST -- operator gt (success)
SELECT '5'::uint256 > '2'::uint256;
 ?column? 
----------
 t
(1 row)

-- TEST -- operator gt (success)
SELECT '5'::uint256 > '5'::uint256;
 ?column? 
----------
 f
(1 row)

-- TEST -- operator lteq (success)
SELECT '5'::uint256 <= '2'::uint256;
 ?column? 
----------
 f
(1 row)

-- TEST -- operator lteq (success)
SELECT '5'::uint256 <= '5'::uint256;
 ?column? 
----------
 t
(1 row)

-- TEST -- operator gteq (success)
SELECT '5'::uint256 >= '2'::uint256;
 ?column? 
----------
 t
(1 row)

-- TEST -- operator gteq (success)
SELECT '5'::uint256 >= '5'::uint256;
 ?column? 
----------
 t
(1 row)

-- TEST -- operator eq (success)
SELECT '5'::uint256 = '2'::uint256;
 ?column? 
----------
 f
(1 row)

-- TEST -- operator eq (success)
SELECT '5'::uint256 = '5'::uint256;
 ?column? 
----------
 t
(1 row)

-- TEST -- operator neq (success)
SELECT '5'::uint256 <> '2'::uint256;
 ?column? 
----------
 t
(1 row)

-- TEST -- operator neq (success)
SELECT '5'::uint256 <> '5'::uint256;
 ?column? 
----------
 f
(1 row)

-- TEST -- operator uplus (success)
SELECT +('5'::uint256);
 ?column? 
----------
 5
(1 row)

-- TEST -- operator uminus (success)
SELECT -('0'::uint256);
 ?column? 
----------
 0
(1 row)

-- TEST -- operator uminus (failure)
SELECT -('5'::uint256);
ERROR:  uint256 out of range
-- TEST -- operator abs (success)
SELECT @('5'::uint256);
 ?column? 
----------
 5
(1 row)

-- TEST -- operator bitand (success)
SELECT '5'::uint256 & '2'::uint256;
 ?column? 
----------
 0
(1 row)

-- TEST -- operator bitor (success)
SELECT '5'::uint256 | '2'::uint256;
 ?column? 
----------
 7
(1 row)

-- TEST -- operator bitxor (success)
SELECT '5'::uint256 # '2'::uint256;
 ?column? 
----------
 7
(1 row)

-- TEST -- operator bitnot (success)
SELECT ~('2'::uint256);
                                    ?column?                                    
--------------------------------------------------------------------------------
 115792089237316195423570985008687907853269984665640564039457584007913129639933
(1 row)

-- TEST -- operator bitshiftleft (success)
SELECT '5'::uint256 << 2;
 ?column? 
----------
 20
(1 row)

-- TEST -- operator bitshiftright (success)
SELECT '5'::uint256 >> 2;
 ?column? 
----------
 1
(1 row)

-- TEST -- cast uint256 as smallint (success)
SELECT '5'::uint256::smallint;
 int2 
------
    5
(1 row)

-- TEST -- cast uint256 as smallint (failure)
SELECT :uint256_max::smallint;
ERROR:  smallint out of range
-- TEST -- cast uint256 as integer (success)
SELECT '5'::uint256::integer;
 int4 
------
    5
(1 row)

-- TEST -- cast uint256 as integer (failure)
SELECT :uint256_max::integer;
ERROR:  integer out of range
-- TEST -- cast uint256 as bigint (success)
SELECT '5'::uint256::bigint;
 int8 
------
    5
(1 row)

-- TEST -- cast uint256 as bigint (failure)
SELECT :uint256_max::bigint;
ERROR:  bigint out of range
-- TEST -- cast uint256 as int128 (success)
SELECT '5'::uint256::int128;
 int128 
--------
 5
(1 row)

-- TEST -- cast uint256 as int128 (failure)
SELECT :uint256_max::int128;
ERROR:  int128 out of range
-- TEST -- cast uint256 as uint128 (success)
SELECT '5'::uint256::uint128;
 uint128 
---------
 5
(1 row)

-- TEST -- cast uint256 as uint128 (failure)
SELECT :uint256_max::uint128;
ERROR:  uint128 out of range
-- TEST -- cast uint256 as int256 (success)
SELECT '5'::uint256::int256;
 int256 
--------
 5
(1 row)

-- TEST -- cast uint256 as hex160 (success)
SELECT '5'::uint256::hex160;
 hex160 
--------
 5
(1 row)

-- TEST -- cast uint256 as hex160 (failure)
SELECT :uint256_max::hex160;
ERROR:  hex160 out of range
-- TEST -- cast uint256 as hex256 (success)
SELECT '5'::uint256::hex256;
 hex256 
--------
 5
(1 row)

-- TEST -- cast smallint as uint256 (success)
SELECT '5'::smallint::uint256;
 uint256 
---------
 5
(1 row)

-- TEST -- cast smallint as uint256 (failure)
SELECT '-5'::smallint::uint256;
ERROR:  uint256 out of range
-- TEST -- cast integer as uint256 (success)
SELECT '5'::integer::uint256;
 uint256 
---------
 5
(1 row)

-- TEST -- cast integer as uint256 (failure)
SELECT '-5'::integer::uint256;
ERROR:  uint256 out of range
-- TEST -- cast bigint as uint256 (success)
SELECT '5'::bigint::uint256;
 uint256 
---------
 5
(1 row)

-- TEST -- cast bigint as uint256 (failure)
SELECT '-5'::bigint::uint256;
ERROR:  uint256 out of range
